#
# There is insufficient memory for the Java Runtime Environment to continue.
# Native memory allocation (mmap) failed to map 134217728 bytes. Error detail: G1 virtual space
# Possible reasons:
#   The system is out of physical RAM or swap space
#   This process is running with CompressedOops enabled, and the Java Heap may be blocking the growth of the native heap
# Possible solutions:
#   Reduce memory load on the system
#   Increase physical memory or swap space
#   Check if swap backing store is full
#   Decrease Java heap size (-Xmx/-Xms)
#   Decrease number of Java threads
#   Decrease Java thread stack sizes (-Xss)
#   Set larger code cache with -XX:ReservedCodeCacheSize=
#   JVM is running with Unscaled Compressed Oops mode in which the Java heap is
#     placed in the first 4GB address space. The Java Heap base address is the
#     maximum limit for the native heap growth. Please use -XX:HeapBaseMinAddress
#     to set the Java Heap base and to place the Java Heap above 4GB virtual address.
# This output file may be truncated or incomplete.
#
#  Out of Memory Error (os_windows.cpp:3554), pid=22988, tid=22376
#
# JRE version:  (25.0.2+10) (build )
# Java VM: OpenJDK 64-Bit Server VM (25.0.2+10-LTS, mixed mode, sharing, tiered, compressed oops, compressed class ptrs, g1 gc, windows-amd64)
# No core dump will be written. Minidumps are not enabled by default on client versions of Windows
#

---------------  S U M M A R Y ------------

Command Line: -Dfile.encoding=UTF-8 --module-path=F:\fontend\Travel Management System\build\classes travel.management.system.BookPackage

Host: Intel(R) Core(TM) i3-7020U CPU @ 2.30GHz, 4 cores, 7G,  Windows 10 , 64 bit Build 19041 (10.0.19041.6807)
Time: Sun Apr 12 18:15:19 2026 India Standard Time elapsed time: 0.021852 seconds (0d 0h 0m 0s)

---------------  T H R E A D  ---------------

Current thread (0x000001cb3920f970):  JavaThread "Unknown thread" [_thread_in_vm, id=22376, stack(0x0000006284b00000,0x0000006284c00000) (1024K)]

Stack: [0x0000006284b00000,0x0000006284c00000]
Native frames: (J=compiled Java code, j=interpreted, Vv=VM code, C=native code)
V  [jvm.dll+0x7a8bc9]  (no source info available)
V  [jvm.dll+0x77310d]  (no source info available)
V  [jvm.dll+0x9f55f3]  (no source info available)
V  [jvm.dll+0x9f7be1]  (no source info available)
V  [jvm.dll+0x9f82f3]  (no source info available)
V  [jvm.dll+0x2fce26]  (no source info available)
V  [jvm.dll+0x7a4df5]  (no source info available)
V  [jvm.dll+0x798257]  (no source info available)
V  [jvm.dll+0x3f5248]  (no source info available)
V  [jvm.dll+0x3fd1b6]  (no source info available)
V  [jvm.dll+0x3e991e]  (no source info available)
V  [jvm.dll+0x3e9bd8]  (no source info available)
V  [jvm.dll+0x3c0c05]  (no source info available)
V  [jvm.dll+0x3c188e]  (no source info available)
V  [jvm.dll+0x9bc474]  (no source info available)
V  [jvm.dll+0x459e72]  (no source info available)
V  [jvm.dll+0x9a02a2]  (no source info available)
V  [jvm.dll+0x4fa5c1]  (no source info available)
V  [jvm.dll+0x4fbeb1]  (no source info available)
C  [jli.dll+0x53fa]  (no source info available)
C  [ucrtbase.dll+0x21bb2]  (no source info available)
C  [KERNEL32.DLL+0x17374]  (no source info available)
C  [ntdll.dll+0x4cc91]  (no source info available)

Lock stack of current Java thread (top to bottom):


---------------  P R O C E S S  ---------------

Threads class SMR info:
_java_thread_list=0x00007ffa1dcae008, length=0, elements={
}

Java Threads: ( => current thread )
Total: 0

Other Threads:
  0x000001cb3b546f10 WorkerThread "GC Thread#0"                     [id=17584, stack(0x0000006284c00000,0x0000006284d00000) (1024K)]
  0x000001cb3b55fc20 ConcurrentGCThread "G1 Main Marker"            [id=21708, stack(0x0000006284d00000,0x0000006284e00000) (1024K)]
  0x000001cb3b560f60 WorkerThread "G1 Conc#0"                       [id=24244, stack(0x0000006284e00000,0x0000006284f00000) (1024K)]

[error occurred during error reporting (printing all threads), id 0xc0000005, EXCEPTION_ACCESS_VIOLATION (0xc0000005) at pc=0x00007ffa1d2d591a]
VM state: not at safepoint (not fully initialized)

VM Mutex/Monitor currently owned by a thread:  ([mutex/lock_event])
[0x00007ffa1dd36548] Heap_lock - owner thread: 0x000001cb3920f970

Heap address: 0x0000000081c00000, size: 2020 MB, Compressed Oops mode: 32-bit

CDS archive(s) mapped at: [0x0000000000000000-0x0000000000000000-0x0000000000000000), size 0, SharedBaseAddress: 0x0000000800000000, ArchiveRelocationMode: 1.
UseCompressedClassPointers 1, UseCompactObjectHeaders 0
Narrow klass pointer bits 32, Max shift 3
Narrow klass base: 0xffffffffffffffff, Narrow klass shift: -1
Encoding Range: [0xffffffffffffffff - 0x000000007fffffff), (2147483648 bytes)
Klass Range:    [0x0000000000000000 - 0x0000000000000000), (0 bytes)
Klass ID Range:  [4294967295 - 0) (1)
No protection zone.

GC Precious Log:
 CardTable entry size: 512
 Card Set container configuration: InlinePtr #cards 5 size 8 Array Of Cards #cards 10 size 36 Howl #buckets 4 coarsen threshold 1843 Howl Bitmap #cards 512 size 80 coarsen threshold 460 Card regions per heap region 1 cards per card region 2048

Heap:
 garbage-first heap   total reserved 2068480K, committed 0K, used 0K [0x0000000081c00000, 0x0000000100000000)
  region size 1024K, 0 young (0K), 0 survivors (0K)

Heap Regions: E=young(eden), S=young(survivor), O=old, HS=humongous(starts), HC=humongous(continues), CS=collection set, F=free, TAMS=top-at-mark-start, PB=parsable bottom

Card table byte_map: [0x000001cb533f0000,0x000001cb537f0000] _byte_map_base: 0x000001cb52fe2000

Marking Bits: (CMBitMap*) 0x000001cb3b5476a0
 Bits: [0x000001cb537f0000, 0x000001cb55780000)

GC Heap Usage History (0 events):
No events

Metaspace Usage History (0 events):
No events

Dll operation events (1 events):
Event: 0.016 Loaded shared library C:\Program Files\Apache NetBeans\jdk\bin\java.dll

Deoptimization events (0 events):
No events

Classes loaded (0 events):
No events

Classes unloaded (0 events):
No events

Classes redefined (0 events):
No events

Internal exceptions (0 events):
No events

VM Operations (0 events):
No events

Memory protections (0 events):
No events

Nmethod flushes (0 events):
No events

Events (0 events):
No events


Dynamic libraries:
0x00007ff71de20000 - 0x00007ff71de2e000 	C:\Program Files\Apache NetBeans\jdk\bin\java.exe
0x00007ffa77cd0000 - 0x00007ffa77ec8000 	C:\Windows\SYSTEM32\ntdll.dll
0x00007ffa75dd0000 - 0x00007ffa75e92000 	C:\Windows\System32\KERNEL32.DLL
0x00007ffa75490000 - 0x00007ffa75787000 	C:\Windows\System32\KERNELBASE.dll
0x00007ffa75be0000 - 0x00007ffa75ce0000 	C:\Windows\System32\ucrtbase.dll
0x00007ffa69f60000 - 0x00007ffa69f7e000 	C:\Program Files\Apache NetBeans\jdk\bin\VCRUNTIME140.dll
0x00007ffa64f10000 - 0x00007ffa64f26000 	C:\Program Files\Apache NetBeans\jdk\bin\jli.dll
0x00007ffa77000000 - 0x00007ffa7719d000 	C:\Windows\System32\USER32.dll
0x00007ffa75a40000 - 0x00007ffa75a62000 	C:\Windows\System32\win32u.dll
0x00007ffa75da0000 - 0x00007ffa75dcb000 	C:\Windows\System32\GDI32.dll
0x00007ffa75ac0000 - 0x00007ffa75bda000 	C:\Windows\System32\gdi32full.dll
0x00007ffa75810000 - 0x00007ffa758ad000 	C:\Windows\System32\msvcp_win.dll
0x00007ffa603e0000 - 0x00007ffa6067b000 	C:\Windows\WinSxS\amd64_microsoft.windows.common-controls_6595b64144ccf1df_6.0.19041.6926_none_60b5a53971f8f7e6\COMCTL32.dll
0x00007ffa77980000 - 0x00007ffa77a1e000 	C:\Windows\System32\msvcrt.dll
0x00007ffa76440000 - 0x00007ffa7646f000 	C:\Windows\System32\IMM32.DLL
0x00007ffa6bfa0000 - 0x00007ffa6bfac000 	C:\Program Files\Apache NetBeans\jdk\bin\vcruntime140_1.dll
0x00007ffa4d130000 - 0x00007ffa4d1bd000 	C:\Program Files\Apache NetBeans\jdk\bin\msvcp140.dll
0x00007ffa1cf00000 - 0x00007ffa1de26000 	C:\Program Files\Apache NetBeans\jdk\bin\server\jvm.dll
0x00007ffa75ce0000 - 0x00007ffa75d91000 	C:\Windows\System32\ADVAPI32.dll
0x00007ffa77bf0000 - 0x00007ffa77c8f000 	C:\Windows\System32\sechost.dll
0x00007ffa762a0000 - 0x00007ffa763c6000 	C:\Windows\System32\RPCRT4.dll
0x00007ffa75a10000 - 0x00007ffa75a37000 	C:\Windows\System32\bcrypt.dll
0x00007ffa763d0000 - 0x00007ffa7643b000 	C:\Windows\System32\WS2_32.dll
0x00007ffa751b0000 - 0x00007ffa751fb000 	C:\Windows\SYSTEM32\POWRPROF.dll
0x00007ffa6a410000 - 0x00007ffa6a41a000 	C:\Windows\SYSTEM32\VERSION.dll
0x00007ffa5f030000 - 0x00007ffa5f057000 	C:\Windows\SYSTEM32\WINMM.dll
0x00007ffa75190000 - 0x00007ffa751a2000 	C:\Windows\SYSTEM32\UMPDC.dll
0x00007ffa73b70000 - 0x00007ffa73b82000 	C:\Windows\SYSTEM32\kernel.appcore.dll
0x00007ffa6bde0000 - 0x00007ffa6bdea000 	C:\Program Files\Apache NetBeans\jdk\bin\jimage.dll
0x00007ffa70060000 - 0x00007ffa70261000 	C:\Windows\SYSTEM32\DBGHELP.DLL
0x00007ffa5a240000 - 0x00007ffa5a274000 	C:\Windows\SYSTEM32\dbgcore.DLL
0x00007ffa75400000 - 0x00007ffa75482000 	C:\Windows\System32\bcryptPrimitives.dll
0x00007ffa65890000 - 0x00007ffa658ae000 	C:\Program Files\Apache NetBeans\jdk\bin\java.dll
0x00007ffa76170000 - 0x00007ffa7629b000 	C:\Windows\System32\ole32.dll
0x00007ffa76bb0000 - 0x00007ffa76f03000 	C:\Windows\System32\combase.dll
0x00007ffa771a0000 - 0x00007ffa77911000 	C:\Windows\System32\SHELL32.dll

JVMTI agents: none

dbghelp: loaded successfully - version: 4.0.5 - missing functions: none
symbol engine: initialized successfully - sym options: 0x614 - pdb path: .;C:\Program Files\Apache NetBeans\jdk\bin;C:\Windows\SYSTEM32;C:\Windows\WinSxS\amd64_microsoft.windows.common-controls_6595b64144ccf1df_6.0.19041.6926_none_60b5a53971f8f7e6;C:\Program Files\Apache NetBeans\jdk\bin\server

VM Arguments:
jvm_args: -Dfile.encoding=UTF-8 --module-path=F:\fontend\Travel Management System\build\classes 
java_command: travel.management.system.BookPackage
java_class_path (initial): F:\installation all files\photos\New folder\mysql-connector-java-8.0.28.jar;F:\fontend\Travel Management System\build\classes
Launcher Type: SUN_STANDARD

[Global flags]
     intx CICompilerCount                          = 3                                         {product} {ergonomic}
     uint ConcGCThreads                            = 1                                         {product} {ergonomic}
     uint G1ConcRefinementThreads                  = 4                                         {product} {ergonomic}
   size_t G1HeapRegionSize                         = 1048576                                   {product} {ergonomic}
   size_t InitialHeapSize                          = 134217728                                 {product} {ergonomic}
   size_t MarkStackSize                            = 4194304                                   {product} {ergonomic}
   size_t MarkStackSizeMax                         = 536870912                                 {product} {ergonomic}
   size_t MaxHeapSize                              = 2118123520                                {product} {ergonomic}
   size_t MinHeapDeltaBytes                        = 1048576                                   {product} {ergonomic}
   size_t MinHeapSize                              = 8388608                                   {product} {ergonomic}
    uintx NonNMethodCodeHeapSize                   = 5832704                                {pd product} {ergonomic}
    uintx NonProfiledCodeHeapSize                  = 122945536                              {pd product} {ergonomic}
    uintx ProfiledCodeHeapSize                     = 122880000                              {pd product} {ergonomic}
    uintx ReservedCodeCacheSize                    = 251658240                              {pd product} {ergonomic}
     bool SegmentedCodeCache                       = true                                      {product} {ergonomic}
   size_t SoftMaxHeapSize                          = 2118123520                             {manageable} {ergonomic}
     bool UseCompressedOops                        = true                           {product lp64_product} {ergonomic}
     bool UseG1GC                                  = true                                      {product} {ergonomic}
     bool UseLargePagesIndividualAllocation        = false                                  {pd product} {ergonomic}

Logging:
Log output configuration:
 #0: stdout all=warning uptime,level,tags foldmultilines=false
 #1: stderr all=off uptime,level,tags foldmultilines=false

Release file:
<release file has not been read>
Environment Variables:
PATH=C:\Program Files\Common Files\Oracle\Java\javapath;C:\Windows\system32;C:\Windows;C:\Windows\System32\Wbem;C:\Windows\System32\WindowsPowerShell\v1.0\;C:\Windows\System32\OpenSSH\;C:\Program Files\dotnet\;C:\Program Files\MySQL\MySQL Server 8.0\bin;C:\Program Files\nodejs;C:\Program Files\Java\jdk-24\bin;C:\Program Files\MySQL\MySQL Shell 8.0\bin\;C:\Users\amit kumar\AppData\Local\Microsoft\WindowsApps;F:\installation all files\installation path\Microsoft VS Code\bin;C:\Users\amit kumar\AppData\Local\GitHubDesktop\bin;C:\Users\amit kumar\AppData\Roaming\npm;F:\IntelliJ IDEA\IntelliJ IDEA 2025.3.1\bin;C:\Program Files\Apache NetBeans\bin\
USERNAME=amit kumar
OS=Windows_NT
PROCESSOR_IDENTIFIER=Intel64 Family 6 Model 142 Stepping 9, GenuineIntel
TMP=C:\Users\AMITKU~1\AppData\Local\Temp
TEMP=C:\Users\AMITKU~1\AppData\Local\Temp




Compilation memory statistics disabled.

Periodic native trim disabled

---------------  S Y S T E M  ---------------

OS:
 Windows 10 , 64 bit Build 19041 (10.0.19041.6807)
OS uptime: 1 days 7:52 hours

CPU: total 4 (initial active 4) (2 cores per cpu, 2 threads per core) family 6 model 142 stepping 9 microcode 0xb4, cx8, cmov, fxsr, ht, mmx, 3dnowpref, sse, sse2, sse3, ssse3, sse4.1, sse4.2, popcnt, lzcnt, tsc, tscinvbit, avx, avx2, aes, erms, clmul, bmi1, bmi2, adx, fma, vzeroupper, clflush, clflushopt, rdtscp, f16c
Processor Information for the first 4 processors :
  Max Mhz: 2304, Current Mhz: 2304, Mhz Limit: 2304

Memory: 4k page, system-wide physical 8076M (293M free)
TotalPageFile size 32616M (AvailPageFile size 78M)
current process WorkingSet (physical memory assigned to process): 11M, peak: 11M
current process commit charge ("private bytes"): 52M, peak: 180M

vm_info: OpenJDK 64-Bit Server VM (25.0.2+10-LTS) for windows-amd64 JRE (25.0.2+10-LTS), built on 2026-01-20T00:00:00Z with MS VC++ 17.12 (VS2022)

END.
